// Jest Snapshot v1, https://goo.gl/fbAQLP

exports[`AddChangesetForm renders the form 1`] = `
<AddChangesetForm
  campaignID="123"
  history="[History]"
  onAdd={[Function]}
>
  <Form
    className="form"
    onSubmit={[Function]}
  >
    <form
      className="form "
      onInvalid={[Function]}
      onSubmit={[Function]}
    >
      <div
        className="form-group"
      >
        <label
          htmlFor="changeset-repo"
        >
          Repository path
        </label>
        <input
          className="form-control mr-1 e2e-track-changeset-repo"
          id="changeset-repo"
          onChange={[Function]}
          placeholder="codehost.example.com/example-org/example-repository"
          required={true}
          size={35}
          type="text"
          value=""
        />
        <p
          className="form-text text-muted small"
        >
          The location of the repository in Sourcegraph. See the repository's directory URL:
           
          http:
          //
          localhost
          /
          <strong>
            &lt;REPOSITORY_PATH&gt;
          </strong>
          <br />
          (Depending on your instance's configuration the path may or may not contain the code host name)
        </p>
      </div>
      <div
        className="form-group"
      >
        <label
          htmlFor="changeset-number"
        >
          Changeset number
        </label>
        <input
          className="form-control mr-1 e2e-track-changeset-id"
          id="changeset-number"
          min={1}
          onChange={[Function]}
          placeholder="1234"
          required={true}
          size={16}
          step={1}
          type="number"
          value=""
        />
      </div>
      <button
        className="btn btn-primary e2e-track-changeset-btn"
        disabled={false}
        type="submit"
      >
        Track existing changeset
      </button>
    </form>
  </Form>
</AddChangesetForm>
`;
