// Jest Snapshot v1, https://goo.gl/fbAQLP

exports[`GlobalCampaignListPage renders for non-siteadmin and totalCount: 0 1`] = `null`;

exports[`GlobalCampaignListPage renders for non-siteadmin and totalCount: 1 1`] = `null`;

exports[`GlobalCampaignListPage renders for siteadmin and totalCount: 0 1`] = `
Array [
  <div
    className="d-flex justify-content-between align-items-end mb-3"
  >
    <div>
      <h1
        className="mb-2"
      >
        Campaigns 
        <span
          className="badge badge-info"
        >
          Beta
        </span>
      </h1>
      <p
        className="mb-0"
      >
        Perform and track large-scale code changes.
         
        <a
          href="https://docs.sourcegraph.com/user/campaigns"
        >
          Learn how.
        </a>
      </p>
    </div>
    <a
      className="btn btn-primary ml-3"
      href="/campaigns/create"
    >
      <svg
        className="mdi-icon icon-inline"
        fill="currentColor"
        height={24}
        viewBox="0 0 24 24"
        width={24}
      >
        <path
          d="M19,13H13V19H11V13H5V11H11V5H13V11H19V13Z"
        />
      </svg>
       New campaign
    </a>
  </div>,
  <div
    className="card mt-4 mb-4"
  >
    <div
      className="card-body p-3"
    >
      <h3>
        Welcome to campaigns 
        <span
          className="badge badge-info"
        >
          Beta
        </span>
        !
      </h3>
      <p
        className="mb-1"
      >
        We're excited for you to use campaigns to remove legacy code, fix critical security issues, pay down tech debt, and more. We look forward to hearing about campaigns you run inside your organization. Take a look at some
         
        <a
          href="https://docs.sourcegraph.com/user/campaigns/examples"
        >
          examples in our documentation
        </a>
        , and 
        <a
          href="mailto:feedback@sourcegraph.com?subject=Campaigns feedback"
        >
          get in touch
        </a>
         with any questions or feedback!
      </p>
    </div>
  </div>,
]
`;

exports[`GlobalCampaignListPage renders for siteadmin and totalCount: 1 1`] = `null`;
